// Jest Snapshot v1, https://goo.gl/fbAQLP

exports[`Rating renders 1`] = `
Object {
  "asFragment": [Function],
  "baseElement": <body>
    <div>
      <div
        class="MuiBox-root MuiBox-root-1"
      >
        <div
          class="sc-bdnxRM wjeph"
        >
          <div
            aria-valuenow="0"
            class="MuiCircularProgress-root MuiCircularProgress-colorPrimary MuiCircularProgress-determinate"
            role="progressbar"
            style="width: 50px; height: 50px; transform: rotate(-90deg);"
          >
            <svg
              class="MuiCircularProgress-svg"
              viewBox="22 22 44 44"
            >
              <circle
                class="MuiCircularProgress-circle MuiCircularProgress-circleDeterminate"
                cx="44"
                cy="44"
                fill="none"
                r="20"
                stroke-width="4"
                style="stroke-dasharray: 125.664; stroke-dashoffset: 125.664px;"
              />
            </svg>
          </div>
          <div
            class="MuiBox-root MuiBox-root-2"
          >
            <div
              class="MuiTypography-root MuiTypography-subtitle2"
              style="font-weight: 600;"
            >
              NaN%
            </div>
          </div>
        </div>
      </div>
    </div>
  </body>,
  "container": <div>
    <div
      class="MuiBox-root MuiBox-root-1"
    >
      <div
        class="sc-bdnxRM wjeph"
      >
        <div
          aria-valuenow="0"
          class="MuiCircularProgress-root MuiCircularProgress-colorPrimary MuiCircularProgress-determinate"
          role="progressbar"
          style="width: 50px; height: 50px; transform: rotate(-90deg);"
        >
          <svg
            class="MuiCircularProgress-svg"
            viewBox="22 22 44 44"
          >
            <circle
              class="MuiCircularProgress-circle MuiCircularProgress-circleDeterminate"
              cx="44"
              cy="44"
              fill="none"
              r="20"
              stroke-width="4"
              style="stroke-dasharray: 125.664; stroke-dashoffset: 125.664px;"
            />
          </svg>
        </div>
        <div
          class="MuiBox-root MuiBox-root-2"
        >
          <div
            class="MuiTypography-root MuiTypography-subtitle2"
            style="font-weight: 600;"
          >
            NaN%
          </div>
        </div>
      </div>
    </div>
  </div>,
  "debug": [Function],
  "findAllByAltText": [Function],
  "findAllByDisplayValue": [Function],
  "findAllByLabelText": [Function],
  "findAllByPlaceholderText": [Function],
  "findAllByRole": [Function],
  "findAllByTestId": [Function],
  "findAllByText": [Function],
  "findAllByTitle": [Function],
  "findByAltText": [Function],
  "findByDisplayValue": [Function],
  "findByLabelText": [Function],
  "findByPlaceholderText": [Function],
  "findByRole": [Function],
  "findByTestId": [Function],
  "findByText": [Function],
  "findByTitle": [Function],
  "getAllByAltText": [Function],
  "getAllByDisplayValue": [Function],
  "getAllByLabelText": [Function],
  "getAllByPlaceholderText": [Function],
  "getAllByRole": [Function],
  "getAllByTestId": [Function],
  "getAllByText": [Function],
  "getAllByTitle": [Function],
  "getByAltText": [Function],
  "getByDisplayValue": [Function],
  "getByLabelText": [Function],
  "getByPlaceholderText": [Function],
  "getByRole": [Function],
  "getByTestId": [Function],
  "getByText": [Function],
  "getByTitle": [Function],
  "queryAllByAltText": [Function],
  "queryAllByDisplayValue": [Function],
  "queryAllByLabelText": [Function],
  "queryAllByPlaceholderText": [Function],
  "queryAllByRole": [Function],
  "queryAllByTestId": [Function],
  "queryAllByText": [Function],
  "queryAllByTitle": [Function],
  "queryByAltText": [Function],
  "queryByDisplayValue": [Function],
  "queryByLabelText": [Function],
  "queryByPlaceholderText": [Function],
  "queryByRole": [Function],
  "queryByTestId": [Function],
  "queryByText": [Function],
  "queryByTitle": [Function],
  "rerender": [Function],
  "unmount": [Function],
}
`;
